Test Log
---
2026-09-01 test pass
2026-09-01 test pass
2026-09-01 test pass
2026-09-01 test pass
2026-09-02 test pass
2026-09-03 test pass
2026-09-04 test pass
2026-09-05 test pass
2026-09-06 test pass
2026-09-07 test pass
2026-09-07 test pass
2026-09-08 test pass
2026-09-09 test pass
2026-09-10 test pass
2026-09-11 test pass
2026-09-12 test pass
2026-09-13 test pass
2026-09-14 test pass
2026-09-15 test pass
2026-09-16 test pass
2026-09-17 test pass
2026-09-18 test pass
2026-09-19 test pass
2026-09-20 test pass
2026-09-21 test pass
2026-09-22 test pass
2026-09-23 test pass
2026-09-24 test pass
2026-09-25 test pass
2026-09-26 test pass
2026-09-27 test pass
2026-09-28 test pass
2026-09-29 test pass
2026-09-30 test pass
2026-10-01 test pass
2026-10-02 test pass
2026-10-03 test pass
2026-10-04 test pass
2026-10-05 test pass
2026-10-06 test pass
2026-10-07 test pass
2026-10-08 test pass
2026-10-09 test pass
2026-10-10 test pass
